// Jest Snapshot v1, https://goo.gl/fbAQLP

exports[`SingInPage should renders correctly 1`] = `null`;
