// Jest Snapshot v1, https://goo.gl/fbAQLP

exports[`MoviePoster should renders correctly 1`] = `
<div
  className="movie-card__info"
>
  <div
    className="movie-card__poster false"
  >
    <img
      alt=" poster"
      height="327"
      src=""
      width="218"
    />
  </div>
</div>
`;
