// Jest Snapshot v1, https://goo.gl/fbAQLP

exports[`MovieTab should renders correctly 1`] = `
<li
  className="movie-nav__item movie-nav__item--active"
  onClick={[Function]}
>
  <span
    className="movie-nav__link"
  >
    Details
  </span>
</li>
`;
