// Jest Snapshot v1, https://goo.gl/fbAQLP

exports[`MoviePage should renders correctly 1`] = `null`;
