// Jest Snapshot v1, https://goo.gl/fbAQLP

exports[`PromoMovieCard should renders correctly 1`] = `
<section
  className="movie-card"
>
  <movie-wrapper />
</section>
`;

exports[`PromoMovieCard should renders correctly without film 1`] = `null`;
