// Jest Snapshot v1, https://goo.gl/fbAQLP

exports[`GenreList should renders correctly 1`] = `
<ul
  className="catalog__genres-list"
>
  <li
    className="catalog__genres-item catalog__genres-item--active"
    onClick={[Function]}
  >
    <a
      className="catalog__genres-link"
    >
      blah
    </a>
  </li>
  <li
    className="catalog__genres-item "
    onClick={[Function]}
  >
    <a
      className="catalog__genres-link"
    >
      blah-blah
    </a>
  </li>
</ul>
`;
