// Jest Snapshot v1, https://goo.gl/fbAQLP

exports[`VideoPlayer should renders correctly 1`] = `
<video
  controls={false}
  height="175"
  muted={true}
  poster="img/fantastic-beasts-the-crimes-of-grindelwald.jpg"
  width="280"
>
  <source
    src="https://download.blender.org/durian/trailer/sintel_trailer-480p.mp4"
    type="video/mp4"
  />
  <source
    src="https://upload.wikimedia.org/wikipedia/commons/transcoded/b/b3/Big_Buck_Bunny_Trailer_400p.ogv/Big_Buck_Bunny_Trailer_400p.ogv.360p.webm"
    type="video/webm"
  />
  Your browser doesn't support HTML5 video tag.
</video>
`;
