// Jest Snapshot v1, https://goo.gl/fbAQLP

exports[`MovieTabs should renders correctly 1`] = `
<div
  className="movie-card__desc"
>
  <nav
    className="movie-nav movie-card__nav"
  >
    <ul
      className="movie-nav__list"
    >
      <li
        className="movie-nav__item false"
        onClick={[Function]}
      >
        <span
          className="movie-nav__link"
        >
          Overview
        </span>
      </li>
      <li
        className="movie-nav__item movie-nav__item--active"
        onClick={[Function]}
      >
        <span
          className="movie-nav__link"
        >
          Details
        </span>
      </li>
      <li
        className="movie-nav__item false"
        onClick={[Function]}
      >
        <span
          className="movie-nav__link"
        >
          Reviews
        </span>
      </li>
    </ul>
  </nav>
  <div
    className="movie-card__text movie-card__row"
  >
    <div
      className="movie-card__text-col"
    >
      <p
        className="movie-card__details-item"
      >
        <strong
          className="movie-card__details-name"
        >
          Director
        </strong>
        <span
          className="movie-card__details-value"
        >
          blah
        </span>
      </p>
      <p
        className="movie-card__details-item"
      >
        <strong
          className="movie-card__details-name"
        >
          Starring
        </strong>
        <span
          className="movie-card__details-value"
        >
          blah,
          <br />
          blah-blahfalse
        </span>
      </p>
    </div>
    <div
      className="movie-card__text-col"
    >
      <p
        className="movie-card__details-item"
      >
        <strong
          className="movie-card__details-name"
        >
          Run Time
        </strong>
        <span
          className="movie-card__details-value"
        >
          123
        </span>
      </p>
      <p
        className="movie-card__details-item"
      >
        <strong
          className="movie-card__details-name"
        >
          Genre
        </strong>
        <span
          className="movie-card__details-value"
        >
          Crime
        </span>
      </p>
      <p
        className="movie-card__details-item"
      >
        <strong
          className="movie-card__details-name"
        >
          Released
        </strong>
        <span
          className="movie-card__details-value"
        >
          2000
        </span>
      </p>
    </div>
  </div>
</div>
`;
